// Jest Snapshot v1, https://goo.gl/fbAQLP

exports[`<App /> should render without throwing an error 1`] = `
<div
  className="app"
>
  <div
    className="app__cover"
  />
  <a
    className="app__link"
    href="https://github.com/ioanungurean/forge-react-app"
  >
    <Title
      title="Forge React App"
    />
  </a>
</div>
`;
